=== RUN   TestGetDeterministicBucket_ReturnsValueBetween0And99
--- PASS: TestGetDeterministicBucket_ReturnsValueBetween0And99 (0.00s)
=== RUN   TestGetDeterministicBucket_IsDeterministic
--- PASS: TestGetDeterministicBucket_IsDeterministic (0.00s)
=== RUN   TestGetDeterministicBucket_DifferentInputsDifferentBuckets
--- PASS: TestGetDeterministicBucket_DifferentInputsDifferentBuckets (0.00s)
=== RUN   TestRunEvaluationLogic_FlagNil_ReturnsFalse
--- PASS: TestRunEvaluationLogic_FlagNil_ReturnsFalse (0.00s)
=== RUN   TestRunEvaluationLogic_FlagDisabled_ReturnsFalse
--- PASS: TestRunEvaluationLogic_FlagDisabled_ReturnsFalse (0.00s)
=== RUN   TestRunEvaluationLogic_FlagEnabledNoRule_ReturnsTrue
--- PASS: TestRunEvaluationLogic_FlagEnabledNoRule_ReturnsTrue (0.00s)
=== RUN   TestRunEvaluationLogic_RuleDisabled_ReturnsTrue
--- PASS: TestRunEvaluationLogic_RuleDisabled_ReturnsTrue (0.00s)
=== RUN   TestRunEvaluationLogic_PercentageRule_100Percent_ReturnsTrue
--- PASS: TestRunEvaluationLogic_PercentageRule_100Percent_ReturnsTrue (0.00s)
=== RUN   TestRunEvaluationLogic_PercentageRule_0Percent_ReturnsFalse
--- PASS: TestRunEvaluationLogic_PercentageRule_0Percent_ReturnsFalse (0.00s)
=== RUN   TestRunEvaluationLogic_PercentageRule_InvalidValue_ReturnsFalse
2026/08/20 10:41:08 Erro: valor da regra de porcentagem n├úo ├® um n├║mero para a flag 'my-flag'
--- PASS: TestRunEvaluationLogic_PercentageRule_InvalidValue_ReturnsFalse (0.10s)
=== RUN   TestNotFoundError_Message
--- PASS: TestNotFoundError_Message (0.00s)
=== RUN   TestEvaluationHandler_MissingParams
=== RUN   TestEvaluationHandler_MissingParams/sem_par├ómetros
=== RUN   TestEvaluationHandler_MissingParams/s├│_user_id
=== RUN   TestEvaluationHandler_MissingParams/s├│_flag_name
--- PASS: TestEvaluationHandler_MissingParams (0.00s)
    --- PASS: TestEvaluationHandler_MissingParams/sem_par├ómetros (0.00s)
    --- PASS: TestEvaluationHandler_MissingParams/s├│_user_id (0.00s)
    --- PASS: TestEvaluationHandler_MissingParams/s├│_flag_name (0.00s)
=== RUN   TestEvaluationHandler_FlagNotFound_ReturnsFalse
2026/08/20 10:41:09 Cache MISS para flag 'ghost'
2026/08/20 10:41:09 [SQS_DISABLED] Evento: User 'u1', Flag 'ghost', Result 'false'
--- PASS: TestEvaluationHandler_FlagNotFound_ReturnsFalse (0.12s)
=== RUN   TestEvaluationHandler_ServiceError_Returns502
2026/08/20 10:41:09 Cache MISS para flag 'my-flag'
2026/08/20 10:41:09 Erro ao avaliar flag 'my-flag': flag-service retornou status 500
--- PASS: TestEvaluationHandler_ServiceError_Returns502 (0.10s)
=== RUN   TestEvaluationHandler_Success_ReturnsCorrectShape
2026/08/20 10:41:09 Cache MISS para flag 'my-flag'
2026/08/20 10:41:09 Aviso: Nenhuma regra de segmenta├º├úo encontrada para 'my-flag'. Usando padr├úo.
2026/08/20 10:41:09 [SQS_DISABLED] Evento: User 'user-abc', Flag 'my-flag', Result 'true'
--- PASS: TestEvaluationHandler_Success_ReturnsCorrectShape (0.21s)
=== RUN   TestEvalHealthHandler
--- PASS: TestEvalHealthHandler (0.00s)
PASS
coverage: 60.1% of statements
ok  	evaluation-service	0.943s	coverage: 60.1% of statements
